// Jest Snapshot v1, https://goo.gl/fbAQLP

exports[`QuestionToDisplay component renders the UI as expected 1`] = `
<QuestionToDisplay
  checkAnswer={[Function]}
  pageToDisplay={Object {}}
  savedUserInput={Object {}}
>
  <p>
    Error: Looks like something went wrong. Check your connection and try again.
  </p>
</QuestionToDisplay>
`;
