// Jest Snapshot v1, https://goo.gl/fbAQLP

exports[`ValidatePassword component renders the UI as expected 1`] = `
<ValidatePassword
  password=""
  passwordError={Object {}}
  passwordErrorMessage={Array []}
  setPasswordError={[Function]}
  setPasswordErrorMessage={[Function]}
>
  <PasswordChecklist
    passwordError={Object {}}
  >
    <div
      className="PasswordChecklist__container"
    >
      <p>
        Password must:
      </p>
      <ul>
        <li>
          Be at least 8 characters in length 
          <span
            className="PasswordChecklist__check"
          >
            ✔
          </span>
        </li>
        <li>
          Be no more than 72 characters in length 
          <span
            className="PasswordChecklist__check"
          >
            ✔
          </span>
        </li>
        <li>
          Not begin or end with a space 
          <span
            className="PasswordChecklist__check"
          >
            ✔
          </span>
        </li>
        <li>
          Contain at least one lowercase letter 
          <span
            className="PasswordChecklist__check"
          >
            ✔
          </span>
        </li>
        <li>
          Contain at least one uppercase letter 
          <span
            className="PasswordChecklist__check"
          >
            ✔
          </span>
        </li>
        <li>
          Contain at least one number 
          <span
            className="PasswordChecklist__check"
          >
            ✔
          </span>
        </li>
        <li>
          Contain at least one special character (e.g. !, @, #, $, etc.) 
          <span
            className="PasswordChecklist__check"
          >
            ✔
          </span>
        </li>
      </ul>
    </div>
  </PasswordChecklist>
  <div
    className="ValidatePassword__error-container"
    role="alert"
  >
    <p
      id="password-error-message"
    >
      Password meets all requirements.
    </p>
  </div>
</ValidatePassword>
`;
