// Jest Snapshot v1, https://goo.gl/fbAQLP

exports[`ValidateReenterPassword component renders the UI as expected 1`] = `
<ValidateReenterPassword
  password=""
  reenterPassword=""
  reenterPasswordError=""
  setReenterPasswordError={[Function]}
>
  <div
    role="alert"
  >
    <p
      id="reenter-password-error"
    >
      Passwords match.
    </p>
  </div>
</ValidateReenterPassword>
`;
