// Jest Snapshot v1, https://goo.gl/fbAQLP

exports[`PageNotFound component renders the UI as expected 1`] = `
<PageNotFound>
  <section
    className="section"
  >
    <header>
      <h2>
        Page not found
      </h2>
    </header>
    <p>
      We couldn't find the page you're looking for.  Check the address and try again.
    </p>
  </section>
</PageNotFound>
`;
