// Jest Snapshot v1, https://goo.gl/fbAQLP

exports[`NotesList component renders the UI as expected 1`] = `
<NotesList
  chapt=""
  suffix=""
>
  <div
    className="NotesList__container-"
  >
    <h3
      className="NotesList__h3-"
    >
      Saved Notes:
    </h3>
    <NotesListFiltersForm
      chapterFilter="all"
      setChapterFilter={[Function]}
      setSortType={[Function]}
      sortType="rec"
      suffix=""
    >
      <form
        className="NotesListFiltersForm__form-"
      >
        <fieldset>
          <legend>
            Sort by date saved
          </legend>
          <div>
            <input
              checked={true}
              className="NotesListFiltersForm__input radio"
              id="sort-rec"
              name="sort-notes"
              onChange={[Function]}
              type="radio"
              value="rec"
            />
            <label
              htmlFor="sort-rec"
            >
              Sort notes newest - oldest
            </label>
          </div>
          <div>
            <input
              checked={false}
              className="NotesListFiltersForm__input radio"
              id="sort-old"
              name="sort-notes"
              onChange={[Function]}
              type="radio"
              value="old"
            />
            <label
              htmlFor="sort-old"
            >
              Sort notes oldest - newest
            </label>
          </div>
        </fieldset>
      </form>
    </NotesListFiltersForm>
    <p>
      No notes saved yet.
    </p>
  </div>
</NotesList>
`;
