// Jest Snapshot v1, https://goo.gl/fbAQLP

exports[`LoginPage component renders the UI as expected 1`] = `
<LoginPage
  forceUpdate={[Function]}
  history={
    Object {
      "push": [Function],
    }
  }
  location={
    Object {
      "state": Object {
        "from": "/dashboard",
      },
    }
  }
>
  <section
    className="LoginPage__section"
  >
    <h2
      className="LoginPage__h2"
    >
      Log in
    </h2>
    <LoginForm
      error=""
      handleLogin={[Function]}
      password=""
      setPassword={[Function]}
      setUserName={[Function]}
      userName=""
    >
      <form
        className="LoginForm__form"
        onSubmit={[Function]}
      >
        <div
          className="LoginForm__input-label-container"
        >
          <label
            htmlFor="user-name"
          >
            Username:
          </label>
          <input
            autoComplete="username"
            id="user-name"
            name="user-name"
            onChange={[Function]}
            required={true}
            type="text"
            value=""
          />
        </div>
        <div
          className="LoginForm__input-label-container"
        >
          <label
            htmlFor="password"
          >
            Password:
          </label>
          <input
            autoComplete="current-password"
            id="password"
            name="password"
            onChange={[Function]}
            required={true}
            type="password"
            value=""
          />
        </div>
        <div
          className="LoginForm__error-container"
          role="alert"
        />
        <button
          className="LoginForm__submit button"
          disabled={true}
          type="submit"
        >
          Login
        </button>
      </form>
    </LoginForm>
    <section
      className="LoginPage__section"
    >
      <h3>
        Want to try all of the features without creating an account?
      </h3>
      <p>
        Try out Legendum by using a demo account before creating an account of your own.
      </p>
      <button
        className="LoginPage__demo button"
        onClick={[Function]}
        type="button"
      >
        Try Legendum with a demo account
      </button>
    </section>
  </section>
</LoginPage>
`;
