// Jest Snapshot v1, https://goo.gl/fbAQLP

exports[`ChapterProgress component renders the UI as expected 1`] = `
<BrowserRouter>
  <Router
    history={
      Object {
        "action": "POP",
        "block": [Function],
        "createHref": [Function],
        "go": [Function],
        "goBack": [Function],
        "goForward": [Function],
        "length": 1,
        "listen": [Function],
        "location": Object {
          "hash": "",
          "pathname": "/",
          "search": "",
          "state": undefined,
        },
        "push": [Function],
        "replace": [Function],
      }
    }
  >
    <ChapterProgress
      exercise={Object {}}
    >
      <li>
        <h4>
          Error
        </h4>
        <p>
          Looks like something went wrong. Check your connection and try again.
        </p>
      </li>
    </ChapterProgress>
  </Router>
</BrowserRouter>
`;
